// Jest Snapshot v1, https://goo.gl/fbAQLP

exports[`should render 1`] = `
<h1
  className="styles-root-1Q-wE"
>
  Hello, world!
</h1>
`;
